18:54:07 **** Auto Build of configuration Debug for project MicroBlazei0 ****
make all 
Building file: ../src/MicroBlazei0.c
Invoking: MicroBlaze gcc compiler
mb-gcc -Wall -O0 -g3 -c -fmessage-length=0 -MT"src/MicroBlazei0.o" -I../../MicroBlazei0_bsp/microblaze_i0/include -mlittle-endian -mxl-pattern-compare -mno-xl-soft-div -mcpu=v10.0 -mno-xl-soft-mul -mhard-float -Wl,--no-relax -ffunction-sections -fdata-sections -MMD -MP -MF"src/MicroBlazei0.d" -MT"src/MicroBlazei0.o" -o "src/MicroBlazei0.o" "../src/MicroBlazei0.c"
../src/MicroBlazei0.c: In function 'main':
../src/MicroBlazei0.c:33:6: warning: variable 'mbox_status' set but not used [-Wunused-but-set-variable]
  u32 mbox_status;
      ^~~~~~~~~~~
../src/MicroBlazei0.c:28:42: warning: unused variable 'BytesSentPtr' [-Wunused-variable]
  u32 RequestedBytes=20,BytesRecvdPtr=888,BytesSentPtr=999;
                                          ^~~~~~~~~~~~
../src/MicroBlazei0.c:28:24: warning: unused variable 'BytesRecvdPtr' [-Wunused-variable]
  u32 RequestedBytes=20,BytesRecvdPtr=888,BytesSentPtr=999;
                        ^~~~~~~~~~~~~
../src/MicroBlazei0.c:28:6: warning: unused variable 'RequestedBytes' [-Wunused-variable]
  u32 RequestedBytes=20,BytesRecvdPtr=888,BytesSentPtr=999;
      ^~~~~~~~~~~~~~
../src/MicroBlazei0.c:27:6: warning: variable 'BufferRx' set but not used [-Wunused-but-set-variable]
  u32 BufferRx[20];
      ^~~~~~~~
../src/MicroBlazei0.c:25:23: warning: unused variable 'Value' [-Wunused-variable]
  u32 tStart,tEnd,Mask,Value;
                       ^~~~~
../src/MicroBlazei0.c:25:18: warning: unused variable 'Mask' [-Wunused-variable]
  u32 tStart,tEnd,Mask,Value;
                  ^~~~
../src/MicroBlazei0.c:25:13: warning: unused variable 'tEnd' [-Wunused-variable]
  u32 tStart,tEnd,Mask,Value;
             ^~~~
../src/MicroBlazei0.c:25:6: warning: unused variable 'tStart' [-Wunused-variable]
  u32 tStart,tEnd,Mask,Value;
      ^~~~~~
../src/MicroBlazei0.c: In function 'Mailbox_RB':
../src/MicroBlazei0.c:157:6: warning: variable 'InterruptStatus' set but not used [-Wunused-but-set-variable]
  u32 InterruptStatus;
      ^~~~~~~~~~~~~~~
../src/MicroBlazei0.c: In function 'Mailbox_WB':
../src/MicroBlazei0.c:211:6: warning: variable 'InterruptStatus' set but not used [-Wunused-but-set-variable]
  u32 InterruptStatus;
      ^~~~~~~~~~~~~~~
Finished building: ../src/MicroBlazei0.c
 
Building target: MicroBlazei0.elf
Invoking: MicroBlaze gcc linker
mb-gcc -Wl,-T -Wl,../src/lscript.ld -L../../MicroBlazei0_bsp/microblaze_i0/lib -mlittle-endian -mxl-pattern-compare -mno-xl-soft-div -mcpu=v10.0 -mno-xl-soft-mul -mhard-float -Wl,--no-relax -Wl,--gc-sections -o "MicroBlazei0.elf"  ./src/MicroBlazei0.o   -Wl,--start-group,-lxil,-lgcc,-lc,--end-group
Finished building target: MicroBlazei0.elf
 
Invoking: MicroBlaze Print Size
mb-size MicroBlazei0.elf  |tee "MicroBlazei0.elf.size"
   text	   data	    bss	    dec	    hex	filename
   6920	    404	   3116	  10440	   28c8	MicroBlazei0.elf
Finished building: MicroBlazei0.elf.size
 

18:54:07 Build Finished (took 113ms)

